<html>
<body>
<pre>
<h1>µVision Build Log</h1>
<h2>Tool Versions:</h2>
IDE-Version: ¦ÌVision V5.25.2.0
Copyright (C) 2018 ARM Ltd and ARM Germany GmbH. All rights reserved.
License Information: 15255 15255, 15255, LIC=KRMW3-A3QGI-2ZLW4-FQF1R-TS54A-3QYDH
 
Tool Versions:
Toolchain:       MDK-ARM Plus  Version: 5.25.2.0
Toolchain Path:  C:\Keil_v5\ARM\ARMCC\Bin
C Compiler:      Armcc.exe V5.06 update 6 (build 750)
Assembler:       Armasm.exe V5.06 update 6 (build 750)
Linker/Locator:  ArmLink.exe V5.06 update 6 (build 750)
Library Manager: ArmAr.exe V5.06 update 6 (build 750)
Hex Converter:   FromElf.exe V5.06 update 6 (build 750)
CPU DLL:         SARMCM3.DLL V5.25.2.0
Dialog DLL:      DCM.DLL V1.17.1.0
Target DLL:      STLink\ST-LINKIII-KEIL_SWO.dll V3.0.1.0
Dialog DLL:      TCM.DLL V1.35.1.0
 
<h2>Project:</h2>
E:\Specific-For-Github\stm32g4-key-light-controller\MDK-ARM\stm32g4-key-light-controller.uvprojx
Project File Date:  04/04/2026

<h2>Output:</h2>
*** Using Compiler 'V5.06 update 6 (build 750)', folder: 'C:\Keil_v5\ARM\ARMCC\Bin'
Rebuild target 'stm32g4-key-light-controller'
assembling startup_stm32g431xx.s...
compiling stm32g4xx_it.c...
compiling gpio.c...
compiling stm32g4xx_hal.c...
compiling stm32g4xx_hal_msp.c...
compiling main.c...
compiling stm32g4xx_hal_pwr_ex.c...
compiling stm32g4xx_hal_rcc.c...
compiling stm32g4xx_hal_flash_ramfunc.c...
compiling stm32g4xx_hal_exti.c...
compiling stm32g4xx_hal_gpio.c...
compiling stm32g4xx_hal_flash.c...
compiling stm32g4xx_hal_flash_ex.c...
compiling stm32g4xx_hal_dma.c...
compiling stm32g4xx_hal_rcc_ex.c...
compiling stm32g4xx_hal_dma_ex.c...
compiling system_stm32g4xx.c...
compiling stm32g4xx_hal_pwr.c...
compiling stm32g4xx_hal_cortex.c...
linking...
Program Size: Code=3590 RO-data=522 RW-data=16 ZI-data=1632  
FromELF: creating hex file...
"stm32g4-key-light-controller\stm32g4-key-light-controller.axf" - 0 Error(s), 0 Warning(s).

<h2>Software Packages used:</h2>

Package Vendor: ARM
                http://www.keil.com/pack/ARM.CMSIS.5.3.0.pack
                ARM.CMSIS.5.3.0
                CMSIS (Cortex Microcontroller Software Interface Standard)
   * Component: CORE Version: 5.1.1

Package Vendor: Keil
                https://www.keil.com/pack/Keil.STM32G4xx_DFP.2.2.0.pack
                Keil.STM32G4xx_DFP.2.2.0
                STMicroelectronics STM32G4 Series Device Support

<h2>Collection of Component include folders:</h2>
  .\RTE\_stm32g4-key-light-controller
  C:\Keil_v5\ARM\PACK\ARM\CMSIS\5.3.0\CMSIS\Include

<h2>Collection of Component Files used:</h2>

   * Component: ARM::CMSIS:CORE:5.1.1
Build Time Elapsed:  00:00:11
</pre>
</body>
</html>
